: Прибалтика

#=n 5
=info В 10 классе, в зиминие каникулы, в январе 1980, мы большой группой ездили на экскурсию в Прибалтику.<br>Там было много ребят из нашего, 10Б класса и немного из параллельных. Плюс ещё несколько семиклассников. Хорошая была поездка...

/o/p
p001-01-1.jpg # Галя Коровина?, ?
p001-01-2.jpg # Коля Хазиев
p001-01-3.jpg # Гера Степанов, Коля Хазиев
p001-01-4.jpg # Галя Коровина?
p001-02-2.jpg # Абалтусов
p001-02-3.jpg # Галя Коровина?
p001-03-1.jpg # Гера Степанов
p001-03-2.jpg # Паша Абросимов
p001-03-3.jpg # Света Алексеева
p001-03-4.jpg
p001-04-1.jpg # Паша Абросимов
p001-04-2.jpg # Света Алексеева
p001-04-3.jpg # Коля Хазиев
p001-04-4.jpg # Оксана Олейник
p001-04-5.jpg # Гера Степанов, Коля Хазиев, Абалтусов
p001-04-6.jpg # Света Алексеева
p001-05-1.jpg
#p001-05-2.jpg
p001-05-4.jpg
p001-05-5.jpg # Галя Коровина?, Оксана Олейник
p001-05-6.jpg # Галя Коровина?, Оксана Олейник, ?
p001-06-1.jpg # Сергей Слесарев
p001-06-4.jpg # Болотникова?, Бадретдинов, Завьялов, Лопатин, Чванин, Слесарев. Ближе - ?, Вероника
p001-06-5.jpg
p001-07-1.jpg # Коля Хазиев
p001-07-2.jpg
p001-07-3.jpg
p001-07-5.jpg # Галя Коровина?, Коля Хазиев
p001-07-6.jpg # Оксана Олейник
p001-08-1.jpg
p001-08-2.jpg # Абалтусов
p001-08-3.jpg # Абалтусов
p001-08-6.jpg # "Круглый" )
p002-01-3.jpg # Оксана Олейник, ?
p002-01-4.jpg # Оксана Олейник
p002-02-1.jpg # Паша Абросимов
p002-02-3.jpg
p002-03-1.jpg # Света Алексеева
p002-03-2.jpg # Галя Коровина?
p002-03-3.jpg # Гера Степанов, ?
p002-03-4.jpg # Галя Коровина?, (Гера Степанов)
p002-03-5.jpg # ?, Галя Коровина?
p002-03-6.jpg # (?), Света Алексеева
p002-04-1.jpg # (Света Алексеева), Паша Абросимов, Оксана Олейник, ?
p002-04-2.jpg # За окном...
p002-04-3.jpg
p002-04-4.jpg # Галя Коровина?, ?
p002-04-5.jpg # (Коля Бадретдинов), Гера Степанов, ?, Света Алексеева
p002-04-6.jpg # Коля Бадретдинов
p002-05-1.jpg # ?, Оксана Олейник
p002-05-2.jpg # Светлана Юрьевна, Света Алексеева, Паша Абросимов
p002-05-3.jpg # Светлана Юрьевна, Света Алексеева, Паша Абросимов
p002-05-4.jpg # ?, Светлана Юрьевна, Света Алексеева
p002-05-5.jpg # ?, Светлана Юрьевна, Света Алексеева
